#-----------------------------------------------------------
# Vivado v2022.2 (64-bit)
# SW Build 3671981 on Fri Oct 14 04:59:54 MDT 2022
# IP Build 3669848 on Fri Oct 14 08:30:02 MDT 2022
# Start of session at: Tue Jul 29 10:56:48 2025
# Process ID: 21307
# Current directory: /home/alfonso/Desktop/FPHUB_sqrt
# Command line: vivado
# Log file: /home/alfonso/Desktop/FPHUB_sqrt/vivado.log
# Journal file: /home/alfonso/Desktop/FPHUB_sqrt/vivado.jou
# Running On: alfonso-Modern-14-B4MW, OS: Linux, CPU Frequency: 1578.300 MHz, CPU Physical cores: 8, Host memory: 16133 MB
#-----------------------------------------------------------
start_gui
create_project sqrt_VHDL /home/alfonso/Desktop/sqrt_VHDL -part xc7k70tfbv676-2L
set_property simulator_language Verilog [current_project]
add_files -norecurse -scan_for_includes /home/alfonso/Documents/sqrt/sqrt_csa_HUB_full.vhd
update_compile_order -fileset sources_1
launch_simulation
launch_simulation
source raiz_iterativa_pipeline.tcl
add_force {/raiz_iterativa_pipeline/clk} -radix hex {1 0ns} {0 50000ps} -repeat_every 100000ps
add_force {/raiz_iterativa_pipeline/rst} -radix hex {1 0ns}
add_force {/raiz_iterativa_pipeline/x} -radix hex {93C58436 0ns}
run 4 ms
add_force {/raiz_iterativa_pipeline/rst} -radix hex {0 0ns}
run 5 us
relaunch_sim
add_force {/raiz_iterativa_pipeline/clk} -radix hex {1 0ns} {0 50000ps} -repeat_every 100000ps
add_force {/raiz_iterativa_pipeline/clk} -radix hex {1 0ns} {0 50000ps} -repeat_every 100000ps
add_force {/raiz_iterativa_pipeline/rst} -radix hex {1 0ns}
add_force {/raiz_iterativa_pipeline/x} -radix hex {858E74FB 0ns}
run 5 us
add_force {/raiz_iterativa_pipeline/rst} -radix hex {0 0ns}
run 5 us
relaunch_sim
add_force {/raiz_iterativa_pipeline/clk} -radix hex {1 0ns} {0 50000ps} -repeat_every 100000ps
add_force {/raiz_iterativa_pipeline/rst} -radix hex {1 0ns}
add_force {/raiz_iterativa_pipeline/x} -radix hex {49c58436 0ns}
run 5 us
add_force {/raiz_iterativa_pipeline/rst} -radix hex {0 0ns}
run 5 us
add_force {/raiz_iterativa_pipeline/rst} -radix hex {1 0ns}
add_force {/raiz_iterativa_pipeline/x} -radix hex {3094DC62 0ns}
run 5 us
add_force {/raiz_iterativa_pipeline/rst} -radix hex {0 0ns}
run 5 us
add_force {/raiz_iterativa_pipeline/rst} -radix hex {1 0ns}
add_force {/raiz_iterativa_pipeline/x} -radix hex {45E2C43F 0ns}
run 5 us
add_force {/raiz_iterativa_pipeline/rst} -radix hex {0 0ns}
run 5 us
